PHPUnit 11.5.55 by Sebastian Bergmann and contributors.

Runtime:       PHP 8.2.26
Configuration: C:\Users\uzelr\Downloads\Laravel\devops\phpunit.xml

..............E..E....EE............                              36 / 36 (100%)

Time: 00:08.645, Memory: 58.00 MB

There were 4 errors:

1) Tests\Unit\ModelRelationshipsTest::test_user_has_many_content_progress
TypeError: PHPUnit\Framework\Assert::assertCount(): Argument #2 ($haystack) must be of type Countable|Traversable|array, Illuminate\Database\Eloquent\Relations\HasMany given, called in C:\Users\uzelr\Downloads\Laravel\devops\tests\Unit\ModelRelationshipsTest.php on line 296

C:\Users\uzelr\Downloads\Laravel\devops\tests\Unit\ModelRelationshipsTest.php:296

2) Tests\Unit\ModelValidationTest::test_school_class_requires_name
Illuminate\Database\QueryException: SQLSTATE[23000]: Integrity constraint violation: 19 NOT NULL constraint failed: school_classes.name (Connection: sqlite, Database: :memory:, SQL: insert into "school_classes" ("level", "academic_year", "teacher_id", "updated_at", "created_at") values (10th Grade, 2025-2026, 1, 2026-03-12 13:01:44, 2026-03-12 13:01:44))

C:\Users\uzelr\Downloads\Laravel\devops\vendor\laravel\framework\src\Illuminate\Database\Connection.php:838
C:\Users\uzelr\Downloads\Laravel\devops\vendor\laravel\framework\src\Illuminate\Database\Connection.php:794
C:\Users\uzelr\Downloads\Laravel\devops\vendor\laravel\framework\src\Illuminate\Database\Connection.php:573
C:\Users\uzelr\Downloads\Laravel\devops\vendor\laravel\framework\src\Illuminate\Database\Connection.php:537
C:\Users\uzelr\Downloads\Laravel\devops\vendor\laravel\framework\src\Illuminate\Database\Query\Processors\Processor.php:32
C:\Users\uzelr\Downloads\Laravel\devops\vendor\laravel\framework\src\Illuminate\Database\Query\Builder.php:4140
C:\Users\uzelr\Downloads\Laravel\devops\vendor\laravel\framework\src\Illuminate\Database\Eloquent\Builder.php:2235
C:\Users\uzelr\Downloads\Laravel\devops\vendor\laravel\framework\src\Illuminate\Database\Eloquent\Model.php:1436
C:\Users\uzelr\Downloads\Laravel\devops\vendor\laravel\framework\src\Illuminate\Database\Eloquent\Model.php:1401
C:\Users\uzelr\Downloads\Laravel\devops\vendor\laravel\framework\src\Illuminate\Database\Eloquent\Model.php:1240
C:\Users\uzelr\Downloads\Laravel\devops\vendor\laravel\framework\src\Illuminate\Database\Eloquent\Builder.php:1219
C:\Users\uzelr\Downloads\Laravel\devops\vendor\laravel\framework\src\Illuminate\Support\helpers.php:388
C:\Users\uzelr\Downloads\Laravel\devops\vendor\laravel\framework\src\Illuminate\Database\Eloquent\Builder.php:1218
C:\Users\uzelr\Downloads\Laravel\devops\vendor\laravel\framework\src\Illuminate\Support\Traits\ForwardsCalls.php:23
C:\Users\uzelr\Downloads\Laravel\devops\vendor\laravel\framework\src\Illuminate\Database\Eloquent\Model.php:2540
C:\Users\uzelr\Downloads\Laravel\devops\vendor\laravel\framework\src\Illuminate\Database\Eloquent\Model.php:2556
C:\Users\uzelr\Downloads\Laravel\devops\tests\Unit\ModelValidationTest.php:58

Caused by
PDOException: SQLSTATE[23000]: Integrity constraint violation: 19 NOT NULL constraint failed: school_classes.name

C:\Users\uzelr\Downloads\Laravel\devops\vendor\laravel\framework\src\Illuminate\Database\Connection.php:584
C:\Users\uzelr\Downloads\Laravel\devops\vendor\laravel\framework\src\Illuminate\Database\Connection.php:827
C:\Users\uzelr\Downloads\Laravel\devops\vendor\laravel\framework\src\Illuminate\Database\Connection.php:794
C:\Users\uzelr\Downloads\Laravel\devops\vendor\laravel\framework\src\Illuminate\Database\Connection.php:573
C:\Users\uzelr\Downloads\Laravel\devops\vendor\laravel\framework\src\Illuminate\Database\Connection.php:537
C:\Users\uzelr\Downloads\Laravel\devops\vendor\laravel\framework\src\Illuminate\Database\Query\Processors\Processor.php:32
C:\Users\uzelr\Downloads\Laravel\devops\vendor\laravel\framework\src\Illuminate\Database\Query\Builder.php:4140
C:\Users\uzelr\Downloads\Laravel\devops\vendor\laravel\framework\src\Illuminate\Database\Eloquent\Builder.php:2235
C:\Users\uzelr\Downloads\Laravel\devops\vendor\laravel\framework\src\Illuminate\Database\Eloquent\Model.php:1436
C:\Users\uzelr\Downloads\Laravel\devops\vendor\laravel\framework\src\Illuminate\Database\Eloquent\Model.php:1401
C:\Users\uzelr\Downloads\Laravel\devops\vendor\laravel\framework\src\Illuminate\Database\Eloquent\Model.php:1240
C:\Users\uzelr\Downloads\Laravel\devops\vendor\laravel\framework\src\Illuminate\Database\Eloquent\Builder.php:1219
C:\Users\uzelr\Downloads\Laravel\devops\vendor\laravel\framework\src\Illuminate\Support\helpers.php:388
C:\Users\uzelr\Downloads\Laravel\devops\vendor\laravel\framework\src\Illuminate\Database\Eloquent\Builder.php:1218
C:\Users\uzelr\Downloads\Laravel\devops\vendor\laravel\framework\src\Illuminate\Support\Traits\ForwardsCalls.php:23
C:\Users\uzelr\Downloads\Laravel\devops\vendor\laravel\framework\src\Illuminate\Database\Eloquent\Model.php:2540
C:\Users\uzelr\Downloads\Laravel\devops\vendor\laravel\framework\src\Illuminate\Database\Eloquent\Model.php:2556
C:\Users\uzelr\Downloads\Laravel\devops\tests\Unit\ModelValidationTest.php:58

3) Tests\Unit\ModelValidationTest::test_chapter_content_position_cast_to_integer
Illuminate\Database\QueryException: SQLSTATE[23000]: Integrity constraint violation: 19 NOT NULL constraint failed: chapter_contents.content (Connection: sqlite, Database: :memory:, SQL: insert into "chapter_contents" ("chapter_id", "title", "position", "updated_at", "created_at") values (1, Content 1, 5, 2026-03-12 13:01:45, 2026-03-12 13:01:45))

C:\Users\uzelr\Downloads\Laravel\devops\vendor\laravel\framework\src\Illuminate\Database\Connection.php:838
C:\Users\uzelr\Downloads\Laravel\devops\vendor\laravel\framework\src\Illuminate\Database\Connection.php:794
C:\Users\uzelr\Downloads\Laravel\devops\vendor\laravel\framework\src\Illuminate\Database\Connection.php:573
C:\Users\uzelr\Downloads\Laravel\devops\vendor\laravel\framework\src\Illuminate\Database\Connection.php:537
C:\Users\uzelr\Downloads\Laravel\devops\vendor\laravel\framework\src\Illuminate\Database\Query\Processors\Processor.php:32
C:\Users\uzelr\Downloads\Laravel\devops\vendor\laravel\framework\src\Illuminate\Database\Query\Builder.php:4140
C:\Users\uzelr\Downloads\Laravel\devops\vendor\laravel\framework\src\Illuminate\Database\Eloquent\Builder.php:2235
C:\Users\uzelr\Downloads\Laravel\devops\vendor\laravel\framework\src\Illuminate\Database\Eloquent\Model.php:1436
C:\Users\uzelr\Downloads\Laravel\devops\vendor\laravel\framework\src\Illuminate\Database\Eloquent\Model.php:1401
C:\Users\uzelr\Downloads\Laravel\devops\vendor\laravel\framework\src\Illuminate\Database\Eloquent\Model.php:1240
C:\Users\uzelr\Downloads\Laravel\devops\vendor\laravel\framework\src\Illuminate\Database\Eloquent\Builder.php:1219
C:\Users\uzelr\Downloads\Laravel\devops\vendor\laravel\framework\src\Illuminate\Support\helpers.php:388
C:\Users\uzelr\Downloads\Laravel\devops\vendor\laravel\framework\src\Illuminate\Database\Eloquent\Builder.php:1218
C:\Users\uzelr\Downloads\Laravel\devops\vendor\laravel\framework\src\Illuminate\Support\Traits\ForwardsCalls.php:23
C:\Users\uzelr\Downloads\Laravel\devops\vendor\laravel\framework\src\Illuminate\Database\Eloquent\Model.php:2540
C:\Users\uzelr\Downloads\Laravel\devops\vendor\laravel\framework\src\Illuminate\Database\Eloquent\Model.php:2556
C:\Users\uzelr\Downloads\Laravel\devops\tests\Unit\ModelValidationTest.php:170

Caused by
PDOException: SQLSTATE[23000]: Integrity constraint violation: 19 NOT NULL constraint failed: chapter_contents.content

C:\Users\uzelr\Downloads\Laravel\devops\vendor\laravel\framework\src\Illuminate\Database\Connection.php:584
C:\Users\uzelr\Downloads\Laravel\devops\vendor\laravel\framework\src\Illuminate\Database\Connection.php:827
C:\Users\uzelr\Downloads\Laravel\devops\vendor\laravel\framework\src\Illuminate\Database\Connection.php:794
C:\Users\uzelr\Downloads\Laravel\devops\vendor\laravel\framework\src\Illuminate\Database\Connection.php:573
C:\Users\uzelr\Downloads\Laravel\devops\vendor\laravel\framework\src\Illuminate\Database\Connection.php:537
C:\Users\uzelr\Downloads\Laravel\devops\vendor\laravel\framework\src\Illuminate\Database\Query\Processors\Processor.php:32
C:\Users\uzelr\Downloads\Laravel\devops\vendor\laravel\framework\src\Illuminate\Database\Query\Builder.php:4140
C:\Users\uzelr\Downloads\Laravel\devops\vendor\laravel\framework\src\Illuminate\Database\Eloquent\Builder.php:2235
C:\Users\uzelr\Downloads\Laravel\devops\vendor\laravel\framework\src\Illuminate\Database\Eloquent\Model.php:1436
C:\Users\uzelr\Downloads\Laravel\devops\vendor\laravel\framework\src\Illuminate\Database\Eloquent\Model.php:1401
C:\Users\uzelr\Downloads\Laravel\devops\vendor\laravel\framework\src\Illuminate\Database\Eloquent\Model.php:1240
C:\Users\uzelr\Downloads\Laravel\devops\vendor\laravel\framework\src\Illuminate\Database\Eloquent\Builder.php:1219
C:\Users\uzelr\Downloads\Laravel\devops\vendor\laravel\framework\src\Illuminate\Support\helpers.php:388
C:\Users\uzelr\Downloads\Laravel\devops\vendor\laravel\framework\src\Illuminate\Database\Eloquent\Builder.php:1218
C:\Users\uzelr\Downloads\Laravel\devops\vendor\laravel\framework\src\Illuminate\Support\Traits\ForwardsCalls.php:23
C:\Users\uzelr\Downloads\Laravel\devops\vendor\laravel\framework\src\Illuminate\Database\Eloquent\Model.php:2540
C:\Users\uzelr\Downloads\Laravel\devops\vendor\laravel\framework\src\Illuminate\Database\Eloquent\Model.php:2556
C:\Users\uzelr\Downloads\Laravel\devops\tests\Unit\ModelValidationTest.php:170

4) Tests\Unit\ModelValidationTest::test_chapter_content_duration_cast_to_integer
Illuminate\Database\QueryException: SQLSTATE[23000]: Integrity constraint violation: 19 NOT NULL constraint failed: chapter_contents.content (Connection: sqlite, Database: :memory:, SQL: insert into "chapter_contents" ("chapter_id", "title", "duration_seconds", "updated_at", "created_at") values (1, Content 1, 3600, 2026-03-12 13:01:45, 2026-03-12 13:01:45))

C:\Users\uzelr\Downloads\Laravel\devops\vendor\laravel\framework\src\Illuminate\Database\Connection.php:838
C:\Users\uzelr\Downloads\Laravel\devops\vendor\laravel\framework\src\Illuminate\Database\Connection.php:794
C:\Users\uzelr\Downloads\Laravel\devops\vendor\laravel\framework\src\Illuminate\Database\Connection.php:573
C:\Users\uzelr\Downloads\Laravel\devops\vendor\laravel\framework\src\Illuminate\Database\Connection.php:537
C:\Users\uzelr\Downloads\Laravel\devops\vendor\laravel\framework\src\Illuminate\Database\Query\Processors\Processor.php:32
C:\Users\uzelr\Downloads\Laravel\devops\vendor\laravel\framework\src\Illuminate\Database\Query\Builder.php:4140
C:\Users\uzelr\Downloads\Laravel\devops\vendor\laravel\framework\src\Illuminate\Database\Eloquent\Builder.php:2235
C:\Users\uzelr\Downloads\Laravel\devops\vendor\laravel\framework\src\Illuminate\Database\Eloquent\Model.php:1436
C:\Users\uzelr\Downloads\Laravel\devops\vendor\laravel\framework\src\Illuminate\Database\Eloquent\Model.php:1401
C:\Users\uzelr\Downloads\Laravel\devops\vendor\laravel\framework\src\Illuminate\Database\Eloquent\Model.php:1240
C:\Users\uzelr\Downloads\Laravel\devops\vendor\laravel\framework\src\Illuminate\Database\Eloquent\Builder.php:1219
C:\Users\uzelr\Downloads\Laravel\devops\vendor\laravel\framework\src\Illuminate\Support\helpers.php:388
C:\Users\uzelr\Downloads\Laravel\devops\vendor\laravel\framework\src\Illuminate\Database\Eloquent\Builder.php:1218
C:\Users\uzelr\Downloads\Laravel\devops\vendor\laravel\framework\src\Illuminate\Support\Traits\ForwardsCalls.php:23
C:\Users\uzelr\Downloads\Laravel\devops\vendor\laravel\framework\src\Illuminate\Database\Eloquent\Model.php:2540
C:\Users\uzelr\Downloads\Laravel\devops\vendor\laravel\framework\src\Illuminate\Database\Eloquent\Model.php:2556
C:\Users\uzelr\Downloads\Laravel\devops\tests\Unit\ModelValidationTest.php:196

Caused by
PDOException: SQLSTATE[23000]: Integrity constraint violation: 19 NOT NULL constraint failed: chapter_contents.content

C:\Users\uzelr\Downloads\Laravel\devops\vendor\laravel\framework\src\Illuminate\Database\Connection.php:584
C:\Users\uzelr\Downloads\Laravel\devops\vendor\laravel\framework\src\Illuminate\Database\Connection.php:827
C:\Users\uzelr\Downloads\Laravel\devops\vendor\laravel\framework\src\Illuminate\Database\Connection.php:794
C:\Users\uzelr\Downloads\Laravel\devops\vendor\laravel\framework\src\Illuminate\Database\Connection.php:573
C:\Users\uzelr\Downloads\Laravel\devops\vendor\laravel\framework\src\Illuminate\Database\Connection.php:537
C:\Users\uzelr\Downloads\Laravel\devops\vendor\laravel\framework\src\Illuminate\Database\Query\Processors\Processor.php:32
C:\Users\uzelr\Downloads\Laravel\devops\vendor\laravel\framework\src\Illuminate\Database\Query\Builder.php:4140
C:\Users\uzelr\Downloads\Laravel\devops\vendor\laravel\framework\src\Illuminate\Database\Eloquent\Builder.php:2235
C:\Users\uzelr\Downloads\Laravel\devops\vendor\laravel\framework\src\Illuminate\Database\Eloquent\Model.php:1436
C:\Users\uzelr\Downloads\Laravel\devops\vendor\laravel\framework\src\Illuminate\Database\Eloquent\Model.php:1401
C:\Users\uzelr\Downloads\Laravel\devops\vendor\laravel\framework\src\Illuminate\Database\Eloquent\Model.php:1240
C:\Users\uzelr\Downloads\Laravel\devops\vendor\laravel\framework\src\Illuminate\Database\Eloquent\Builder.php:1219
C:\Users\uzelr\Downloads\Laravel\devops\vendor\laravel\framework\src\Illuminate\Support\helpers.php:388
C:\Users\uzelr\Downloads\Laravel\devops\vendor\laravel\framework\src\Illuminate\Database\Eloquent\Builder.php:1218
C:\Users\uzelr\Downloads\Laravel\devops\vendor\laravel\framework\src\Illuminate\Support\Traits\ForwardsCalls.php:23
C:\Users\uzelr\Downloads\Laravel\devops\vendor\laravel\framework\src\Illuminate\Database\Eloquent\Model.php:2540
C:\Users\uzelr\Downloads\Laravel\devops\vendor\laravel\framework\src\Illuminate\Database\Eloquent\Model.php:2556
C:\Users\uzelr\Downloads\Laravel\devops\tests\Unit\ModelValidationTest.php:196

ERRORS!
Tests: 36, Assertions: 71, Errors: 4.
